// Jest Snapshot v1, https://goo.gl/fbAQLP

exports[`App component renders App 1`] = `
<Fragment>
  <p
    className="logop"
  >
    <a
      href="./"
    >
      <img
        alt="GriNd-O-TRoN"
        className="logo"
        src="/path/image"
      />
    </a>
  </p>
  <h3
    className="sublogo"
  >
    A turn-based combat engine
  </h3>
  <GameLayout />
</Fragment>
`;
